// Jest Snapshot v1, https://goo.gl/fbAQLP

exports[`should render ExpenseList with empty expenses 1`] = `
<div>
  <p>
    No Expenses
  </p>
</div>
`;

exports[`should render ExpenseList with expenses 1`] = `
<div>
  <ExpenseListItem
    amount={499}
    createdAt={0}
    description="Pens"
    id="1"
    key="1"
    note=""
  />
  <ExpenseListItem
    amount={1199}
    createdAt={345600000}
    description="Notebooks"
    id="2"
    key="2"
    note="for photo biz"
  />
  <ExpenseListItem
    amount={11900}
    createdAt={-345600000}
    description="Bags"
    id="3"
    key="3"
    note="new camera bag"
  />
</div>
`;
